Using pre-set license
Built from '6000.0/release' branch; Version is '6000.0.35f1 (9a3bc604008a) revision 10107846'; Using compiler version '193933523'; Build Type 'Release'
OS: 'Windows 11  (10.0.26100) 64bit Core' Language: 'uk' Physical Memory: 16156 MB
BatchMode: 1, IsHumanControllingUs: 0, StartBugReporterOnCrash: 0, Is64bit: 1, IsPro: 1

COMMAND LINE ARGUMENTS:
C:\Program Files\Unity\Hub\Editor\6000.0.35f1\Editor\Unity.exe
-adb2
-batchMode
-noUpm
-name
AssetImportWorker1
-projectPath
C:/My folder )/Trash/CyberDrone/CyberDrone
-logFile
Logs/AssetImportWorker1.log
-srvPort
63480
-job-worker-count
9
-background-job-worker-count
8
-gc-helper-count
1
Successfully changed project path to: C:/My folder )/Trash/CyberDrone/CyberDrone
C:/My folder )/Trash/CyberDrone/CyberDrone
[UnityMemory] Configuration Parameters - Can be set up in boot.config
    "memorysetup-bucket-allocator-granularity=16"
    "memorysetup-bucket-allocator-bucket-count=8"
    "memorysetup-bucket-allocator-block-size=33554432"
    "memorysetup-bucket-allocator-block-count=8"
    "memorysetup-main-allocator-block-size=16777216"
    "memorysetup-thread-allocator-block-size=16777216"
    "memorysetup-gfx-main-allocator-block-size=16777216"
    "memorysetup-gfx-thread-allocator-block-size=16777216"
    "memorysetup-cache-allocator-block-size=4194304"
    "memorysetup-typetree-allocator-block-size=2097152"
    "memorysetup-profiler-bucket-allocator-granularity=16"
    "memorysetup-profiler-bucket-allocator-bucket-count=8"
    "memorysetup-profiler-bucket-allocator-block-size=33554432"
    "memorysetup-profiler-bucket-allocator-block-count=8"
    "memorysetup-profiler-allocator-block-size=16777216"
    "memorysetup-profiler-editor-allocator-block-size=1048576"
    "memorysetup-temp-allocator-size-main=16777216"
    "memorysetup-job-temp-allocator-block-size=2097152"
    "memorysetup-job-temp-allocator-block-size-background=1048576"
    "memorysetup-job-temp-allocator-reduction-small-platforms=262144"
    "memorysetup-allocator-temp-initial-block-size-main=262144"
    "memorysetup-allocator-temp-initial-block-size-worker=262144"
    "memorysetup-temp-allocator-size-background-worker=32768"
    "memorysetup-temp-allocator-size-job-worker=262144"
    "memorysetup-temp-allocator-size-preload-manager=33554432"
    "memorysetup-temp-allocator-size-nav-mesh-worker=65536"
    "memorysetup-temp-allocator-size-audio-worker=65536"
    "memorysetup-temp-allocator-size-cloud-worker=32768"
    "memorysetup-temp-allocator-size-gi-baking-worker=262144"
    "memorysetup-temp-allocator-size-gi-baking-worker=262144"
    "memorysetup-temp-allocator-size-gi-baking-worker=262144"
    "memorysetup-temp-allocator-size-gi-baking-worker=262144"
    "memorysetup-temp-allocator-size-gi-baking-worker=262144"
    "memorysetup-temp-allocator-size-gfx=262144"
Player connection [4452]  Target information:

Player connection [4452]  * "[IP] 192.168.1.101 [Port] 0 [Flags] 2 [Guid] 1849908681 [EditorId] 1849908681 [Version] 1048832 [Id] WindowsEditor(7,MSI) [Debug] 1 [PackageName] WindowsEditor [ProjectName] Editor" 

Player connection [4452] Host joined multi-casting on [225.0.0.222:54997]...
Player connection [4452] Host joined alternative multi-casting on [225.0.0.222:34997]...
JobSystem: Creating JobQueue using job-worker-count value 9
Input System module state changed to: Initialized.
[Physics::Module] Initialized fallback backend.
[Physics::Module] Id: 0xdecafbad
Library Redirect Path: Library/
[Physics::Module] Selected backend.
[Physics::Module] Name: PhysX
[Physics::Module] Id: 0xf2b8ea05
[Physics::Module] SDK Version: 4.1.2
[Physics::Module] Integration Version: 1.0.0
[Physics::Module] Threading Mode: Multi-Threaded
Refreshing native plugins compatible for Editor in 1.30 ms, found 3 plugins.
Preloading 0 native plugins for Editor in 0.00 ms.
Initialize engine version: 6000.0.35f1 (9a3bc604008a)
[Subsystems] Discovering subsystems at path C:/Program Files/Unity/Hub/Editor/6000.0.35f1/Editor/Data/Resources/UnitySubsystems
[Subsystems] Discovering subsystems at path C:/My folder )/Trash/CyberDrone/CyberDrone/Assets
GfxDevice: creating device client; kGfxThreadingModeNonThreaded
Direct3D:
    Version:  Direct3D 11.0 [level 11.1]
    Renderer: NVIDIA GeForce RTX 3080 Laptop GPU (ID=0x249c)
    Vendor:   NVIDIA
    VRAM:     8018 MB
    Driver:   32.0.15.7270
Initialize mono
Mono path[0] = 'C:/Program Files/Unity/Hub/Editor/6000.0.35f1/Editor/Data/Managed'
Mono path[1] = 'C:/Program Files/Unity/Hub/Editor/6000.0.35f1/Editor/Data/MonoBleedingEdge/lib/mono/unityjit-win32'
Mono config path = 'C:/Program Files/Unity/Hub/Editor/6000.0.35f1/Editor/Data/MonoBleedingEdge/etc'
Using monoOptions --debugger-agent=transport=dt_socket,embedding=1,server=y,suspend=n,address=127.0.0.1:56092
Begin MonoManager ReloadAssembly
Registering precompiled unity dll's ...
Register platform support module: C:/Program Files/Unity/Hub/Editor/6000.0.35f1/Editor/Data/PlaybackEngines/WindowsStandaloneSupport/UnityEditor.WindowsStandalone.Extensions.dll
Registered in 0.002378 seconds.
- Loaded All Assemblies, in  0.338 seconds
Native extension for WindowsStandalone target not found
Mono: successfully reloaded assembly
- Finished resetting the current domain, in  0.308 seconds
Domain Reload Profiling: 644ms
	BeginReloadAssembly (129ms)
		ExecutionOrderSort (0ms)
		DisableScriptedObjects (0ms)
		BackupInstance (0ms)
		ReleaseScriptingObjects (0ms)
		CreateAndSetChildDomain (1ms)
	RebuildCommonClasses (31ms)
	RebuildNativeTypeToScriptingClass (9ms)
	initialDomainReloadingComplete (41ms)
	LoadAllAssembliesAndSetupDomain (125ms)
		LoadAssemblies (126ms)
		RebuildTransferFunctionScriptingTraits (0ms)
		AnalyzeDomain (123ms)
			TypeCache.Refresh (122ms)
				TypeCache.ScanAssembly (110ms)
			BuildScriptInfoCaches (0ms)
			ResolveRequiredComponents (0ms)
	FinalizeReload (309ms)
		ReleaseScriptCaches (0ms)
		RebuildScriptCaches (0ms)
		SetupLoadedEditorAssemblies (271ms)
			LogAssemblyErrors (0ms)
			InitializePlatformSupportModulesInManaged (23ms)
			SetLoadedEditorAssemblies (4ms)
			BeforeProcessingInitializeOnLoad (51ms)
			ProcessInitializeOnLoadAttributes (137ms)
			ProcessInitializeOnLoadMethodAttributes (55ms)
			AfterProcessingInitializeOnLoad (0ms)
			EditorAssembliesLoaded (0ms)
		ExecutionOrderSort2 (0ms)
		AwakeInstancesAfterBackupRestoration (0ms)
========================================================================
Worker process is ready to serve import requests
Import Worker Mode flag is 0x00
Begin MonoManager ReloadAssembly
- Loaded All Assemblies, in  0.672 seconds
Refreshing native plugins compatible for Editor in 0.82 ms, found 3 plugins.
Native extension for WindowsStandalone target not found
Mono: successfully reloaded assembly
- Finished resetting the current domain, in  0.631 seconds
Domain Reload Profiling: 1299ms
	BeginReloadAssembly (151ms)
		ExecutionOrderSort (0ms)
		DisableScriptedObjects (5ms)
		BackupInstance (0ms)
		ReleaseScriptingObjects (0ms)
		CreateAndSetChildDomain (32ms)
	RebuildCommonClasses (29ms)
	RebuildNativeTypeToScriptingClass (9ms)
	initialDomainReloadingComplete (33ms)
	LoadAllAssembliesAndSetupDomain (446ms)
		LoadAssemblies (328ms)
		RebuildTransferFunctionScriptingTraits (0ms)
		AnalyzeDomain (206ms)
			TypeCache.Refresh (151ms)
				TypeCache.ScanAssembly (136ms)
			BuildScriptInfoCaches (41ms)
			ResolveRequiredComponents (10ms)
	FinalizeReload (631ms)
		ReleaseScriptCaches (0ms)
		RebuildScriptCaches (0ms)
		SetupLoadedEditorAssemblies (497ms)
			LogAssemblyErrors (0ms)
			InitializePlatformSupportModulesInManaged (2ms)
			SetLoadedEditorAssemblies (4ms)
			BeforeProcessingInitializeOnLoad (89ms)
			ProcessInitializeOnLoadAttributes (330ms)
			ProcessInitializeOnLoadMethodAttributes (68ms)
			AfterProcessingInitializeOnLoad (4ms)
			EditorAssembliesLoaded (0ms)
		ExecutionOrderSort2 (0ms)
		AwakeInstancesAfterBackupRestoration (5ms)
Launched and connected shader compiler UnityShaderCompiler.exe after 0.02 seconds
Refreshing native plugins compatible for Editor in 1.42 ms, found 3 plugins.
Preloading 0 native plugins for Editor in 0.00 ms.
Unloading 198 Unused Serialized files (Serialized files now loaded: 0)
Unloading 5945 unused Assets / (4.9 MB). Loaded Objects now: 6633.
Memory consumption went from 165.8 MB to 160.9 MB.
Total: 11.604900 ms (FindLiveObjects: 0.756700 ms CreateObjectMapping: 0.986700 ms MarkObjects: 6.074300 ms  DeleteObjects: 3.784400 ms)

========================================================================
Received Import Request.
  Time since last request: 119920.873665 seconds.
  path: Assets/TerrainData_a3159be6-7afd-493b-8ac9-272cc63caa5a.asset
  artifactKey: Guid(7eb865642fd159d4ab98d0047d6206be) Importer(815301076,1909f56bfc062723c751e8b465ee728b)
Start importing Assets/TerrainData_a3159be6-7afd-493b-8ac9-272cc63caa5a.asset using Guid(7eb865642fd159d4ab98d0047d6206be) Importer(815301076,1909f56bfc062723c751e8b465ee728b) (PreviewImporter) -> (artifact id: 'b7651cfb6f921c86596c6a9c48230bee') in 0.0982135 seconds
Number of updated asset objects reloaded before import = 0Number of asset objects unloaded after import = 3

========================================================================
Received Import Request.
  Time since last request: 0.000023 seconds.
  path: Assets/TerrainData_3fbe1237-8b1e-43f7-b98a-c1b65c4c10f6.asset
  artifactKey: Guid(65b7d75654defe6488293d0c1378e817) Importer(815301076,1909f56bfc062723c751e8b465ee728b)
Start importing Assets/TerrainData_3fbe1237-8b1e-43f7-b98a-c1b65c4c10f6.asset using Guid(65b7d75654defe6488293d0c1378e817) Importer(815301076,1909f56bfc062723c751e8b465ee728b) (PreviewImporter) -> (artifact id: 'cdd009b503976e2e80d6c1028ebe9159') in 0.0282854 seconds
Number of updated asset objects reloaded before import = 0Number of asset objects unloaded after import = 3

========================================================================
Received Import Request.
  Time since last request: 0.000033 seconds.
  path: Assets/TerrainData_97b7ce32-0b7d-40ec-9974-79dffaec65d2.asset
  artifactKey: Guid(d8df153fcc0b34642b64d7b4c6c04e3c) Importer(815301076,1909f56bfc062723c751e8b465ee728b)
Start importing Assets/TerrainData_97b7ce32-0b7d-40ec-9974-79dffaec65d2.asset using Guid(d8df153fcc0b34642b64d7b4c6c04e3c) Importer(815301076,1909f56bfc062723c751e8b465ee728b) (PreviewImporter) -> (artifact id: 'f4ddecc1773f294552cc87f024f5d7ec') in 0.0257179 seconds
Number of updated asset objects reloaded before import = 0Number of asset objects unloaded after import = 3

========================================================================
Received Import Request.
  Time since last request: 0.000023 seconds.
  path: Assets/TerrainData_206a6771-b979-465c-9a6e-a154a9b0ad0c.asset
  artifactKey: Guid(96061efdfecb2074db2962672abd43ed) Importer(815301076,1909f56bfc062723c751e8b465ee728b)
Start importing Assets/TerrainData_206a6771-b979-465c-9a6e-a154a9b0ad0c.asset using Guid(96061efdfecb2074db2962672abd43ed) Importer(815301076,1909f56bfc062723c751e8b465ee728b) (PreviewImporter) -> (artifact id: '946e97eee14c20cf276760ca69f3572e') in 0.022917 seconds
Number of updated asset objects reloaded before import = 0Number of asset objects unloaded after import = 3

========================================================================
Received Import Request.
  Time since last request: 0.000023 seconds.
  path: Assets/TerrainData_7f4e97f4-8645-41e5-a1a1-998300d4c91a.asset
  artifactKey: Guid(4698908600a009e4e92d54196c73075e) Importer(815301076,1909f56bfc062723c751e8b465ee728b)
Start importing Assets/TerrainData_7f4e97f4-8645-41e5-a1a1-998300d4c91a.asset using Guid(4698908600a009e4e92d54196c73075e) Importer(815301076,1909f56bfc062723c751e8b465ee728b) (PreviewImporter) -> (artifact id: '23738141bfae3546cf29aabd3fb0e2df') in 0.0219905 seconds
Number of updated asset objects reloaded before import = 0Number of asset objects unloaded after import = 3

========================================================================
Received Import Request.
  Time since last request: 0.000015 seconds.
  path: Assets/TerrainData_a0ec51b4-a752-4b86-8a90-f3b7cd0fcfda.asset
  artifactKey: Guid(b0bf38e19786cfb409f3bf32e6274eeb) Importer(815301076,1909f56bfc062723c751e8b465ee728b)
Start importing Assets/TerrainData_a0ec51b4-a752-4b86-8a90-f3b7cd0fcfda.asset using Guid(b0bf38e19786cfb409f3bf32e6274eeb) Importer(815301076,1909f56bfc062723c751e8b465ee728b) (PreviewImporter) -> (artifact id: '2dba9241e44d0726816daadd29bf4872') in 0.0153946 seconds
Number of updated asset objects reloaded before import = 0Number of asset objects unloaded after import = 3

========================================================================
Received Import Request.
  Time since last request: 0.000016 seconds.
  path: Assets/TerrainData_afd99d9d-f699-4f1b-ad10-f2b6ce0af8f5.asset
  artifactKey: Guid(a8fc48e8d81ebd846a78afe3a25ed443) Importer(815301076,1909f56bfc062723c751e8b465ee728b)
Start importing Assets/TerrainData_afd99d9d-f699-4f1b-ad10-f2b6ce0af8f5.asset using Guid(a8fc48e8d81ebd846a78afe3a25ed443) Importer(815301076,1909f56bfc062723c751e8b465ee728b) (PreviewImporter) -> (artifact id: 'c712ef655b70b2cb5b13d66e84bff8c6') in 0.0143381 seconds
Number of updated asset objects reloaded before import = 0Number of asset objects unloaded after import = 3

========================================================================
Received Import Request.
  Time since last request: 0.000028 seconds.
  path: Assets/TerrainData_6858db60-0832-4e1b-8fad-07988d31e9bc.asset
  artifactKey: Guid(c5457c0123757ad4780c7c76e6a59730) Importer(815301076,1909f56bfc062723c751e8b465ee728b)
Start importing Assets/TerrainData_6858db60-0832-4e1b-8fad-07988d31e9bc.asset using Guid(c5457c0123757ad4780c7c76e6a59730) Importer(815301076,1909f56bfc062723c751e8b465ee728b) (PreviewImporter) -> (artifact id: '40534db98eb3508a58ea74cc97b2e118') in 0.0142249 seconds
Number of updated asset objects reloaded before import = 0Number of asset objects unloaded after import = 3

========================================================================
Received Import Request.
  Time since last request: 0.000013 seconds.
  path: Assets/TerrainData_ddd990d5-a8b9-4e94-b6ea-2267b3cd5f35.asset
  artifactKey: Guid(f68fbf68073775e4bb5d622386abe41a) Importer(815301076,1909f56bfc062723c751e8b465ee728b)
Start importing Assets/TerrainData_ddd990d5-a8b9-4e94-b6ea-2267b3cd5f35.asset using Guid(f68fbf68073775e4bb5d622386abe41a) Importer(815301076,1909f56bfc062723c751e8b465ee728b) (PreviewImporter) -> (artifact id: '599f93cb269b614be1d9d2f0d5de3563') in 0.0134687 seconds
Number of updated asset objects reloaded before import = 0Number of asset objects unloaded after import = 3

========================================================================
Received Import Request.
  Time since last request: 0.000012 seconds.
  path: Assets/TerrainData_2c60e476-fc36-4919-88e9-f95d2e01ea01.asset
  artifactKey: Guid(712b1eee91c531d4daef3a6e374f6257) Importer(815301076,1909f56bfc062723c751e8b465ee728b)
Start importing Assets/TerrainData_2c60e476-fc36-4919-88e9-f95d2e01ea01.asset using Guid(712b1eee91c531d4daef3a6e374f6257) Importer(815301076,1909f56bfc062723c751e8b465ee728b) (PreviewImporter) -> (artifact id: '722adb361febc40983a3148a7a5228df') in 0.0119506 seconds
Number of updated asset objects reloaded before import = 0Number of asset objects unloaded after import = 3

========================================================================
Received Import Request.
  Time since last request: 0.000015 seconds.
  path: Assets/TerrainData_365ef515-b2e8-46c3-8466-e1e5e88b5291.asset
  artifactKey: Guid(e827278e10621f84ea154af65615311b) Importer(815301076,1909f56bfc062723c751e8b465ee728b)
Start importing Assets/TerrainData_365ef515-b2e8-46c3-8466-e1e5e88b5291.asset using Guid(e827278e10621f84ea154af65615311b) Importer(815301076,1909f56bfc062723c751e8b465ee728b) (PreviewImporter) -> (artifact id: 'd4db2ec533e733ad515d247418c70d06') in 0.0142442 seconds
Number of updated asset objects reloaded before import = 0Number of asset objects unloaded after import = 3

========================================================================
Received Import Request.
  Time since last request: 0.000015 seconds.
  path: Assets/TerrainData_77ee510f-fd28-4334-8817-b026ae0e89e5.asset
  artifactKey: Guid(27f191b4f9d334b46b6d4edcf1ee6d43) Importer(815301076,1909f56bfc062723c751e8b465ee728b)
Start importing Assets/TerrainData_77ee510f-fd28-4334-8817-b026ae0e89e5.asset using Guid(27f191b4f9d334b46b6d4edcf1ee6d43) Importer(815301076,1909f56bfc062723c751e8b465ee728b) (PreviewImporter) -> (artifact id: '64d8690e35c3d1ae9a278e815b08b1f1') in 0.0152837 seconds
Number of updated asset objects reloaded before import = 0Number of asset objects unloaded after import = 3

========================================================================
Received Import Request.
  Time since last request: 0.000012 seconds.
  path: Assets/TerrainData_a6358713-b4a1-439c-8274-a79b846fc45e.asset
  artifactKey: Guid(5bca58e0b9db27d4d91a2ab668a65ea0) Importer(815301076,1909f56bfc062723c751e8b465ee728b)
Start importing Assets/TerrainData_a6358713-b4a1-439c-8274-a79b846fc45e.asset using Guid(5bca58e0b9db27d4d91a2ab668a65ea0) Importer(815301076,1909f56bfc062723c751e8b465ee728b) (PreviewImporter) -> (artifact id: 'f99f3204ec5473689b5d8252970ca550') in 0.0150476 seconds
Number of updated asset objects reloaded before import = 0Number of asset objects unloaded after import = 3

========================================================================
Received Import Request.
  Time since last request: 0.000015 seconds.
  path: Assets/TerrainData_57557d5b-7482-4444-95ee-1eb47a17765d.asset
  artifactKey: Guid(fa6117f5c30526e418fe79b75badac10) Importer(815301076,1909f56bfc062723c751e8b465ee728b)
Start importing Assets/TerrainData_57557d5b-7482-4444-95ee-1eb47a17765d.asset using Guid(fa6117f5c30526e418fe79b75badac10) Importer(815301076,1909f56bfc062723c751e8b465ee728b) (PreviewImporter) -> (artifact id: 'f95ed80ebdfc35c9a04a3a0115c790ba') in 0.0123801 seconds
Number of updated asset objects reloaded before import = 0Number of asset objects unloaded after import = 3

========================================================================
Received Import Request.
  Time since last request: 0.000025 seconds.
  path: Assets/TerrainData_1dc6f660-4438-46cc-9939-a83c46384ac4.asset
  artifactKey: Guid(8099a57cacee0cc468e235a2dd73a15b) Importer(815301076,1909f56bfc062723c751e8b465ee728b)
Start importing Assets/TerrainData_1dc6f660-4438-46cc-9939-a83c46384ac4.asset using Guid(8099a57cacee0cc468e235a2dd73a15b) Importer(815301076,1909f56bfc062723c751e8b465ee728b) (PreviewImporter) -> (artifact id: 'a451b63985815e5f20b2156f4cb8c172') in 0.0141531 seconds
Number of updated asset objects reloaded before import = 0Number of asset objects unloaded after import = 3

========================================================================
Received Import Request.
  Time since last request: 0.000014 seconds.
  path: Assets/TerrainData_148f7fad-6539-4903-9d8b-a98f354150e5.asset
  artifactKey: Guid(83043cea2c057484fbe51a3218bcc5dc) Importer(815301076,1909f56bfc062723c751e8b465ee728b)
Start importing Assets/TerrainData_148f7fad-6539-4903-9d8b-a98f354150e5.asset using Guid(83043cea2c057484fbe51a3218bcc5dc) Importer(815301076,1909f56bfc062723c751e8b465ee728b) (PreviewImporter) -> (artifact id: 'd0b3ee832ad5899fb9226394269dee3c') in 0.0143159 seconds
Number of updated asset objects reloaded before import = 0Number of asset objects unloaded after import = 3

========================================================================
Received Import Request.
  Time since last request: 0.000018 seconds.
  path: Assets/TerrainData_27f2f3bc-3a22-4d25-b316-209c46401358.asset
  artifactKey: Guid(12adfe3d5ab83f440bf06ead06714bc7) Importer(815301076,1909f56bfc062723c751e8b465ee728b)
Start importing Assets/TerrainData_27f2f3bc-3a22-4d25-b316-209c46401358.asset using Guid(12adfe3d5ab83f440bf06ead06714bc7) Importer(815301076,1909f56bfc062723c751e8b465ee728b) (PreviewImporter) -> (artifact id: '454df1b3cee6b5839ff654610327e5d5') in 0.0162882 seconds
Number of updated asset objects reloaded before import = 0Number of asset objects unloaded after import = 3

========================================================================
Received Import Request.
  Time since last request: 0.000038 seconds.
  path: Assets/TerrainData_bfe6006c-8b3c-41a0-8285-8a1ed7f6755b.asset
  artifactKey: Guid(cdda2dd1d754abf498d8dd81eeed591a) Importer(815301076,1909f56bfc062723c751e8b465ee728b)
Start importing Assets/TerrainData_bfe6006c-8b3c-41a0-8285-8a1ed7f6755b.asset using Guid(cdda2dd1d754abf498d8dd81eeed591a) Importer(815301076,1909f56bfc062723c751e8b465ee728b) (PreviewImporter) -> (artifact id: '412a5b9fe08bd8b7ebf75b034d52d9f5') in 0.0148483 seconds
Number of updated asset objects reloaded before import = 0Number of asset objects unloaded after import = 3

========================================================================
Received Import Request.
  Time since last request: 0.000015 seconds.
  path: Assets/TerrainData_e09e476c-7fcb-4697-b0fd-5de60d8198a3.asset
  artifactKey: Guid(84a9e8404a992bf43a5c793b4bcc171e) Importer(815301076,1909f56bfc062723c751e8b465ee728b)
Start importing Assets/TerrainData_e09e476c-7fcb-4697-b0fd-5de60d8198a3.asset using Guid(84a9e8404a992bf43a5c793b4bcc171e) Importer(815301076,1909f56bfc062723c751e8b465ee728b) (PreviewImporter) -> (artifact id: '8798c08fc41b7d5d2fc9956faf55da20') in 0.0151772 seconds
Number of updated asset objects reloaded before import = 0Number of asset objects unloaded after import = 3

========================================================================
Received Import Request.
  Time since last request: 0.000014 seconds.
  path: Assets/TerrainData_6a6f9492-0ac1-451a-92fb-d3a9aeeebcf8.asset
  artifactKey: Guid(d3ce45542bbd40c45954d8191f45cfd8) Importer(815301076,1909f56bfc062723c751e8b465ee728b)
Start importing Assets/TerrainData_6a6f9492-0ac1-451a-92fb-d3a9aeeebcf8.asset using Guid(d3ce45542bbd40c45954d8191f45cfd8) Importer(815301076,1909f56bfc062723c751e8b465ee728b) (PreviewImporter) -> (artifact id: 'b728f5c4d96202f9df791ac59310cf57') in 0.0152173 seconds
Number of updated asset objects reloaded before import = 0Number of asset objects unloaded after import = 3

========================================================================
Received Import Request.
  Time since last request: 0.000018 seconds.
  path: Assets/TerrainData_166889d7-f83b-4820-85b2-27e130b545dc.asset
  artifactKey: Guid(b6f9d00941c6f3442b1dcc2942887ac9) Importer(815301076,1909f56bfc062723c751e8b465ee728b)
Start importing Assets/TerrainData_166889d7-f83b-4820-85b2-27e130b545dc.asset using Guid(b6f9d00941c6f3442b1dcc2942887ac9) Importer(815301076,1909f56bfc062723c751e8b465ee728b) (PreviewImporter) -> (artifact id: 'e50915a0b7033b91e2d449d04e3daccc') in 0.0137747 seconds
Number of updated asset objects reloaded before import = 0Number of asset objects unloaded after import = 3

========================================================================
Received Import Request.
  Time since last request: 0.000024 seconds.
  path: Assets/TerrainData_fa642e4c-d849-4938-8378-6920556a59d3.asset
  artifactKey: Guid(99b8a7b65aad0f24d84d30934a606b53) Importer(815301076,1909f56bfc062723c751e8b465ee728b)
Start importing Assets/TerrainData_fa642e4c-d849-4938-8378-6920556a59d3.asset using Guid(99b8a7b65aad0f24d84d30934a606b53) Importer(815301076,1909f56bfc062723c751e8b465ee728b) (PreviewImporter) -> (artifact id: '36c8c67f894e339e4b8e261ace384e3a') in 0.0143392 seconds
Number of updated asset objects reloaded before import = 0Number of asset objects unloaded after import = 3

========================================================================
Received Import Request.
  Time since last request: 0.000013 seconds.
  path: Assets/TerrainData_7d7b9c7f-61d8-40a0-8fda-f54d8a20eec7.asset
  artifactKey: Guid(4b52e22a5c69ed9449412b034739c74c) Importer(815301076,1909f56bfc062723c751e8b465ee728b)
Start importing Assets/TerrainData_7d7b9c7f-61d8-40a0-8fda-f54d8a20eec7.asset using Guid(4b52e22a5c69ed9449412b034739c74c) Importer(815301076,1909f56bfc062723c751e8b465ee728b) (PreviewImporter) -> (artifact id: '2778fd903d09a329c6024fca67c05210') in 0.0147633 seconds
Number of updated asset objects reloaded before import = 0Number of asset objects unloaded after import = 3

========================================================================
Received Import Request.
  Time since last request: 0.000014 seconds.
  path: Assets/TerrainData_48723cac-dc23-4a33-8be8-62e68befc6a2.asset
  artifactKey: Guid(5cfd0f37f3b498b41a52c36721355c4f) Importer(815301076,1909f56bfc062723c751e8b465ee728b)
Start importing Assets/TerrainData_48723cac-dc23-4a33-8be8-62e68befc6a2.asset using Guid(5cfd0f37f3b498b41a52c36721355c4f) Importer(815301076,1909f56bfc062723c751e8b465ee728b) (PreviewImporter) -> (artifact id: '65f927623a5178b595b72aa4f9ef71a0') in 0.0140316 seconds
Number of updated asset objects reloaded before import = 0Number of asset objects unloaded after import = 3

========================================================================
Received Import Request.
  Time since last request: 0.000014 seconds.
  path: Assets/TerrainData_ffdde871-9dd0-407d-b20d-e2e4ac3e9c04.asset
  artifactKey: Guid(5593559e636b33f43846721b99418827) Importer(815301076,1909f56bfc062723c751e8b465ee728b)
Start importing Assets/TerrainData_ffdde871-9dd0-407d-b20d-e2e4ac3e9c04.asset using Guid(5593559e636b33f43846721b99418827) Importer(815301076,1909f56bfc062723c751e8b465ee728b) (PreviewImporter) -> (artifact id: '2efd711570e97486cfcb0b489c6370a7') in 0.015119 seconds
Number of updated asset objects reloaded before import = 0Number of asset objects unloaded after import = 3

========================================================================
Received Import Request.
  Time since last request: 0.000015 seconds.
  path: Assets/TerrainData_2e64db3f-fac6-4f3d-9577-fac7179a0590.asset
  artifactKey: Guid(3ba1ee894490d6e499bb7ac5a169d676) Importer(815301076,1909f56bfc062723c751e8b465ee728b)
Start importing Assets/TerrainData_2e64db3f-fac6-4f3d-9577-fac7179a0590.asset using Guid(3ba1ee894490d6e499bb7ac5a169d676) Importer(815301076,1909f56bfc062723c751e8b465ee728b) (PreviewImporter) -> (artifact id: 'eff79f793b860cb6b071040358c0d5fb') in 0.0358418 seconds
Number of updated asset objects reloaded before import = 0Number of asset objects unloaded after import = 3

========================================================================
Received Import Request.
  Time since last request: 0.000017 seconds.
  path: Assets/TerrainData_b75e6a00-94b3-4b38-a9c3-57bec16b89b9.asset
  artifactKey: Guid(58ccf6b3a068b9c44bf423c38096ffd4) Importer(815301076,1909f56bfc062723c751e8b465ee728b)
Start importing Assets/TerrainData_b75e6a00-94b3-4b38-a9c3-57bec16b89b9.asset using Guid(58ccf6b3a068b9c44bf423c38096ffd4) Importer(815301076,1909f56bfc062723c751e8b465ee728b) (PreviewImporter) -> (artifact id: 'c0529c14580473a2eca73b5197762861') in 0.0142179 seconds
Number of updated asset objects reloaded before import = 0Number of asset objects unloaded after import = 3

========================================================================
Received Import Request.
  Time since last request: 0.000025 seconds.
  path: Assets/TerrainData_93e75a0f-6779-4a73-8d9a-bc86256ef692.asset
  artifactKey: Guid(7eea2e065b9da354cbb0ee193253fae5) Importer(815301076,1909f56bfc062723c751e8b465ee728b)
Start importing Assets/TerrainData_93e75a0f-6779-4a73-8d9a-bc86256ef692.asset using Guid(7eea2e065b9da354cbb0ee193253fae5) Importer(815301076,1909f56bfc062723c751e8b465ee728b) (PreviewImporter) -> (artifact id: 'b4c95b8130dafdda4ef5ebdd69b40023') in 0.0142996 seconds
Number of updated asset objects reloaded before import = 0Number of asset objects unloaded after import = 3

========================================================================
Received Import Request.
  Time since last request: 0.000013 seconds.
  path: Assets/TerrainData_ed3af3e8-8930-4d7c-88a0-6adb96b5bfcf.asset
  artifactKey: Guid(15e3a6b5235852c49b53ddea1dcdb4df) Importer(815301076,1909f56bfc062723c751e8b465ee728b)
Start importing Assets/TerrainData_ed3af3e8-8930-4d7c-88a0-6adb96b5bfcf.asset using Guid(15e3a6b5235852c49b53ddea1dcdb4df) Importer(815301076,1909f56bfc062723c751e8b465ee728b) (PreviewImporter) -> (artifact id: '3342ab6b12ae6be3f1e79eaaeed79cb9') in 0.0131471 seconds
Number of updated asset objects reloaded before import = 0Number of asset objects unloaded after import = 3

========================================================================
Received Import Request.
  Time since last request: 0.000014 seconds.
  path: Assets/TerrainData_b09e63eb-7776-485e-8a7f-c5d4fc6beb18.asset
  artifactKey: Guid(ea16e7d6e4ab6a34e9a415cd32314604) Importer(815301076,1909f56bfc062723c751e8b465ee728b)
Start importing Assets/TerrainData_b09e63eb-7776-485e-8a7f-c5d4fc6beb18.asset using Guid(ea16e7d6e4ab6a34e9a415cd32314604) Importer(815301076,1909f56bfc062723c751e8b465ee728b) (PreviewImporter) -> (artifact id: '0e49b14fabe59e771ae848c8fcd7e22c') in 0.0133142 seconds
Number of updated asset objects reloaded before import = 0Number of asset objects unloaded after import = 3

========================================================================
Received Import Request.
  Time since last request: 0.000012 seconds.
  path: Assets/TerrainData_ec0a7e8f-967b-4f92-b0d5-d62aed192ddd.asset
  artifactKey: Guid(6aa71a541c6e5aa47ada155c21dd38db) Importer(815301076,1909f56bfc062723c751e8b465ee728b)
Start importing Assets/TerrainData_ec0a7e8f-967b-4f92-b0d5-d62aed192ddd.asset using Guid(6aa71a541c6e5aa47ada155c21dd38db) Importer(815301076,1909f56bfc062723c751e8b465ee728b) (PreviewImporter) -> (artifact id: 'ff88c7688d2bd872a97f849bdb3636ac') in 0.0148742 seconds
Number of updated asset objects reloaded before import = 0Number of asset objects unloaded after import = 3

========================================================================
Received Import Request.
  Time since last request: 0.000013 seconds.
  path: Assets/TerrainData_6395f078-bda7-4873-8ba0-1f1804b05991.asset
  artifactKey: Guid(6873b685c3f11e64db92b20136c71a73) Importer(815301076,1909f56bfc062723c751e8b465ee728b)
Start importing Assets/TerrainData_6395f078-bda7-4873-8ba0-1f1804b05991.asset using Guid(6873b685c3f11e64db92b20136c71a73) Importer(815301076,1909f56bfc062723c751e8b465ee728b) (PreviewImporter) -> (artifact id: '250f87410bf02fee3fc55e25c3465fee') in 0.0153838 seconds
Number of updated asset objects reloaded before import = 0Number of asset objects unloaded after import = 3

========================================================================
Received Import Request.
  Time since last request: 0.000013 seconds.
  path: Assets/TerrainData_1e58f6bc-7746-42c4-8f00-17e5be8b380f.asset
  artifactKey: Guid(a4de6c57d959e4d42bb574823b392921) Importer(815301076,1909f56bfc062723c751e8b465ee728b)
Start importing Assets/TerrainData_1e58f6bc-7746-42c4-8f00-17e5be8b380f.asset using Guid(a4de6c57d959e4d42bb574823b392921) Importer(815301076,1909f56bfc062723c751e8b465ee728b) (PreviewImporter) -> (artifact id: 'ce9cfb6b85b3f43e15599e5e85ad7248') in 0.0142903 seconds
Number of updated asset objects reloaded before import = 0Number of asset objects unloaded after import = 3

========================================================================
Received Import Request.
  Time since last request: 0.000014 seconds.
  path: Assets/TerrainData_cf5cce14-0ead-474d-86c1-371f6aedc4d5.asset
  artifactKey: Guid(f85f7d589ae55fd46855528277bb6644) Importer(815301076,1909f56bfc062723c751e8b465ee728b)
Start importing Assets/TerrainData_cf5cce14-0ead-474d-86c1-371f6aedc4d5.asset using Guid(f85f7d589ae55fd46855528277bb6644) Importer(815301076,1909f56bfc062723c751e8b465ee728b) (PreviewImporter) -> (artifact id: '1b988ccff9e72920c5178f2862abe501') in 0.0143427 seconds
Number of updated asset objects reloaded before import = 0Number of asset objects unloaded after import = 3

========================================================================
Received Import Request.
  Time since last request: 0.000019 seconds.
  path: Assets/TerrainData_b52dd6a1-bd9d-4d3f-b780-ec9d5d030220.asset
  artifactKey: Guid(1bb691f7314f40a40a620508a57123dc) Importer(815301076,1909f56bfc062723c751e8b465ee728b)
Start importing Assets/TerrainData_b52dd6a1-bd9d-4d3f-b780-ec9d5d030220.asset using Guid(1bb691f7314f40a40a620508a57123dc) Importer(815301076,1909f56bfc062723c751e8b465ee728b) (PreviewImporter) -> (artifact id: '7d4fee503189f3b4c974b7feaf5aa84c') in 0.0147571 seconds
Number of updated asset objects reloaded before import = 0Number of asset objects unloaded after import = 3

========================================================================
Received Import Request.
  Time since last request: 0.000015 seconds.
  path: Assets/TerrainData_86a7e96c-8f35-44e0-9e07-24009b6126c2.asset
  artifactKey: Guid(f1418f919f9cc5a4aba3a479cfb6ed44) Importer(815301076,1909f56bfc062723c751e8b465ee728b)
Start importing Assets/TerrainData_86a7e96c-8f35-44e0-9e07-24009b6126c2.asset using Guid(f1418f919f9cc5a4aba3a479cfb6ed44) Importer(815301076,1909f56bfc062723c751e8b465ee728b) (PreviewImporter) -> (artifact id: '5ae98cf5098646db5310940d4e5a91c2') in 0.0144975 seconds
Number of updated asset objects reloaded before import = 0Number of asset objects unloaded after import = 3

========================================================================
Received Import Request.
  Time since last request: 0.000016 seconds.
  path: Assets/TerrainData_e6fd378e-1ea9-4162-85dd-47193599157d.asset
  artifactKey: Guid(6f83206115f4c1d48864d2382911b073) Importer(815301076,1909f56bfc062723c751e8b465ee728b)
Start importing Assets/TerrainData_e6fd378e-1ea9-4162-85dd-47193599157d.asset using Guid(6f83206115f4c1d48864d2382911b073) Importer(815301076,1909f56bfc062723c751e8b465ee728b) (PreviewImporter) -> (artifact id: 'cdbe79fa8f6167a395a93135584f5176') in 0.0136298 seconds
Number of updated asset objects reloaded before import = 0Number of asset objects unloaded after import = 3

========================================================================
Received Import Request.
  Time since last request: 13.753672 seconds.
  path: Assets/city prefabs/City.prefab
  artifactKey: Guid(c01b9a56f2fb79e49ac6bdc58d4f985d) Importer(815301076,1909f56bfc062723c751e8b465ee728b)
Start importing Assets/city prefabs/City.prefab using Guid(c01b9a56f2fb79e49ac6bdc58d4f985d) Importer(815301076,1909f56bfc062723c751e8b465ee728b) (PreviewImporter) -> (artifact id: '164479dd25cb249816be6950ea785596') in 1.2879104 seconds
Number of updated asset objects reloaded before import = 0Number of asset objects unloaded after import = 54510

Editor requested this worker to shutdown with reason: Scaling down because of idle timeout
AssetImportWorker is now disconnected from the server
Process exiting
Exiting without the bug reporter. Application will terminate with return code 0